
> ZynexAV-crm@0.1.0 build
> next build

   ▲ Next.js 15.5.18
   - Environments: .env.local, .env
   - Experiments (use with caution):
     · optimizePackageImports

   Creating an optimized production build ...
 ✓ Compiled successfully in 16.2s
   Linting and checking validity of types ...
   Collecting page data ...
 ⚠ Using edge runtime on a page currently disables static generation for that page
   Generating static pages (0/30) ...
   Generating static pages (7/30) 
   Generating static pages (14/30) 
   Generating static pages (22/30) 
 ✓ Generating static pages (30/30)
   Finalizing page optimization ...
   Collecting build traces ...

Route (app)                                 Size  First Load JS
┌ ○ /                                    15.7 kB         180 kB
├ ○ /_not-found                             1 kB         103 kB
├ ○ /accounts                            1.66 kB         165 kB
├ ƒ /accounts/[id]                       6.39 kB         207 kB
├ ƒ /api/ai/account-brief                  159 B         102 kB
├ ƒ /api/ai/chat                           159 B         102 kB
├ ƒ /api/ai/proposal                       159 B         102 kB
├ ƒ /api/ai/ticket-summary                 159 B         102 kB
├ ƒ /api/dashboard/stats                   159 B         102 kB
├ ƒ /api/health                            159 B         102 kB
├ ƒ /api/opportunities                     159 B         102 kB
├ ○ /billing                             3.22 kB         163 kB
├ ○ /calendar                            10.7 kB         171 kB
├ ○ /catalog                             3.22 kB         163 kB
├ ○ /dashboard                           9.62 kB         280 kB
├ ○ /devices                             5.58 kB         169 kB
├ ƒ /icon                                  159 B         102 kB
├ ○ /inventory                           4.65 kB         165 kB
├ ○ /manifest.webmanifest                  159 B         102 kB
├ ƒ /opengraph-image                       159 B         102 kB
├ ○ /opportunities                       1.66 kB         165 kB
├ ƒ /opportunities/[id]                   7.3 kB         209 kB
├ ○ /procurement                         3.22 kB         163 kB
├ ○ /projects                            2.18 kB         166 kB
├ ƒ /projects/[id]                       12.2 kB         214 kB
├ ○ /rack-builder                        8.04 kB         202 kB
├ ○ /reports                             10.5 kB         274 kB
├ ○ /rooms                               6.04 kB         166 kB
├ ○ /service                             1.22 kB         165 kB
├ ƒ /service/[id]                        3.65 kB         204 kB
├ ○ /settings                            9.38 kB         194 kB
├ ○ /signal-flow                         8.24 kB         203 kB
├ ○ /time-entries                        5.79 kB         166 kB
└ ○ /todos                               6.95 kB         167 kB
+ First Load JS shared by all             102 kB
  ├ chunks/1255-eae4096fb21f1304.js        46 kB
  ├ chunks/4bd1b696-100b9d70ed4e49c1.js  54.2 kB
  └ other shared chunks (total)           2.1 kB


ƒ Middleware                             34.4 kB

○  (Static)   prerendered as static content
ƒ  (Dynamic)  server-rendered on demand

